[23-Sep-2026 13:15:44 UTC] PHP Fatal error:  Uncaught ArgumentCountError: The number of elements in the type definition string must match the number of bind variables in D:\Server\www\user_register.php:60
Stack trace:
#0 D:\Server\www\user_register.php(60): mysqli_stmt->bind_param('ssssss', 'Jelly Arcadio I...', 'User', 'Jellyfin@mcjim-...', '93cc2300dbe64aa...', 'Jellyfin', '$2y$10$FEn/bVyq...', 'user_6ab3d100ce...')
#1 {main}
  thrown in D:\Server\www\user_register.php on line 60
[23-Sep-2026 13:15:46 UTC] PHP Fatal error:  Uncaught ArgumentCountError: The number of elements in the type definition string must match the number of bind variables in D:\Server\www\user_register.php:60
Stack trace:
#0 D:\Server\www\user_register.php(60): mysqli_stmt->bind_param('ssssss', 'Jelly Arcadio I...', 'User', 'Jellyfin@mcjim-...', '93cc2300dbe64aa...', 'Jellyfin', '$2y$10$bv5QIy/1...', 'user_6ab3d10288...')
#1 {main}
  thrown in D:\Server\www\user_register.php on line 60
[23-Sep-2026 22:21:44 UTC] PHP Fatal error:  Uncaught Error: Undefined constant "SITE_VERSION" in D:\Server\www\footer.php:81
Stack trace:
#0 D:\Server\www\admin-monitoring.php(233): require()
#1 {main}
  thrown in D:\Server\www\footer.php on line 81
[23-Sep-2026 22:21:45 UTC] PHP Fatal error:  Uncaught Error: Undefined constant "SITE_VERSION" in D:\Server\www\footer.php:81
Stack trace:
#0 D:\Server\www\admin-monitoring.php(233): require()
#1 {main}
  thrown in D:\Server\www\footer.php on line 81
[23-Sep-2026 23:03:57 UTC] PHP Warning:  mail(): Failed to connect to mailserver at &quot;localhost&quot; port 25, verify your &quot;SMTP&quot; and &quot;smtp_port&quot; setting in php.ini or use ini_set() in D:\Server\www\cron_alert_agent.php on line 132
[23-Sep-2026 23:03:57 UTC] PHP Stack trace:
[23-Sep-2026 23:03:57 UTC] PHP   1. {main}() D:\Server\www\cron_alert_agent.php:0
[23-Sep-2026 23:03:57 UTC] PHP   2. sendEmailAlert($name = 'casa.mcjim-server.com', $url = 'https://casa.mcjim-server.com', $from = 'Online', $to = 'Offline', $ping = 8013, $code = 0) D:\Server\www\cron_alert_agent.php:63
[23-Sep-2026 23:03:57 UTC] PHP   3. mail($to = 'info@mcjim-server.com', $subject = '🚨 CRITICAL: Server casa.mcjim-server.com is OFFLINE!', $message = '\r\n        <html>\r\n        <head>\r\n            <title>🚨 CRITICAL: Server casa.mcjim-server.com is OFFLINE!</title>\r\n        </head>\r\n        <body style=\'font-family: Arial, sans-serif; background-color: #f4f6f9; padding: 20px; color: #333;\'>\r\n            <div style=\'max-width: 600px; margin: 0 auto; background-color: #ffffff; border-radius: 8px; overflow: hidden; box-shadow: 0 4px 10px rgba(0,0,0,0.05);\'>\r\n                <div style=\'background-color: #d9383a; padding: 20px; text-align', $additional_headers = 'MIME-Version: 1.0\r\nContent-type:text/html;charset=UTF-8\r\nFrom: McJim Monitor <monitor@mcjim-server.com>\r\nReply-To: monitor@mcjim-server.com\r\nX-Mailer: PHP/8.0.13\r\n') D:\Server\www\cron_alert_agent.php:132
[23-Sep-2026 23:03:57 UTC] CRITICAL ERROR: Failed to execute mail alert pipe dispatch routing.
[23-Sep-2026 23:04:02 UTC] PHP Warning:  mail(): Failed to connect to mailserver at &quot;localhost&quot; port 25, verify your &quot;SMTP&quot; and &quot;smtp_port&quot; setting in php.ini or use ini_set() in D:\Server\www\cron_alert_agent.php on line 132
[23-Sep-2026 23:04:02 UTC] PHP Stack trace:
[23-Sep-2026 23:04:02 UTC] PHP   1. {main}() D:\Server\www\cron_alert_agent.php:0
[23-Sep-2026 23:04:02 UTC] PHP   2. sendEmailAlert($name = 'louiecaraircon.com', $url = 'https://louiecaraircon.com', $from = 'Online', $to = 'Offline', $ping = 278, $code = 0) D:\Server\www\cron_alert_agent.php:63
[23-Sep-2026 23:04:02 UTC] PHP   3. mail($to = 'info@mcjim-server.com', $subject = '🚨 CRITICAL: Server louiecaraircon.com is OFFLINE!', $message = '\r\n        <html>\r\n        <head>\r\n            <title>🚨 CRITICAL: Server louiecaraircon.com is OFFLINE!</title>\r\n        </head>\r\n        <body style=\'font-family: Arial, sans-serif; background-color: #f4f6f9; padding: 20px; color: #333;\'>\r\n            <div style=\'max-width: 600px; margin: 0 auto; background-color: #ffffff; border-radius: 8px; overflow: hidden; box-shadow: 0 4px 10px rgba(0,0,0,0.05);\'>\r\n                <div style=\'background-color: #d9383a; padding: 20px; text-align: c', $additional_headers = 'MIME-Version: 1.0\r\nContent-type:text/html;charset=UTF-8\r\nFrom: McJim Monitor <monitor@mcjim-server.com>\r\nReply-To: monitor@mcjim-server.com\r\nX-Mailer: PHP/8.0.13\r\n') D:\Server\www\cron_alert_agent.php:132
[23-Sep-2026 23:04:02 UTC] CRITICAL ERROR: Failed to execute mail alert pipe dispatch routing.
[23-Sep-2026 23:04:05 UTC] PHP Warning:  mail(): Failed to connect to mailserver at &quot;localhost&quot; port 25, verify your &quot;SMTP&quot; and &quot;smtp_port&quot; setting in php.ini or use ini_set() in D:\Server\www\cron_alert_agent.php on line 132
[23-Sep-2026 23:04:05 UTC] PHP Stack trace:
[23-Sep-2026 23:04:05 UTC] PHP   1. {main}() D:\Server\www\cron_alert_agent.php:0
[23-Sep-2026 23:04:05 UTC] PHP   2. sendEmailAlert($name = 'opns.mcjim-server.com', $url = 'https://opns.mcjim-server.com', $from = 'Online', $to = 'Offline', $ping = 212, $code = 0) D:\Server\www\cron_alert_agent.php:63
[23-Sep-2026 23:04:05 UTC] PHP   3. mail($to = 'info@mcjim-server.com', $subject = '🚨 CRITICAL: Server opns.mcjim-server.com is OFFLINE!', $message = '\r\n        <html>\r\n        <head>\r\n            <title>🚨 CRITICAL: Server opns.mcjim-server.com is OFFLINE!</title>\r\n        </head>\r\n        <body style=\'font-family: Arial, sans-serif; background-color: #f4f6f9; padding: 20px; color: #333;\'>\r\n            <div style=\'max-width: 600px; margin: 0 auto; background-color: #ffffff; border-radius: 8px; overflow: hidden; box-shadow: 0 4px 10px rgba(0,0,0,0.05);\'>\r\n                <div style=\'background-color: #d9383a; padding: 20px; text-align', $additional_headers = 'MIME-Version: 1.0\r\nContent-type:text/html;charset=UTF-8\r\nFrom: McJim Monitor <monitor@mcjim-server.com>\r\nReply-To: monitor@mcjim-server.com\r\nX-Mailer: PHP/8.0.13\r\n') D:\Server\www\cron_alert_agent.php:132
[23-Sep-2026 23:04:05 UTC] CRITICAL ERROR: Failed to execute mail alert pipe dispatch routing.
[23-Sep-2026 23:04:54 UTC] PHP Warning:  mail(): Failed to connect to mailserver at &quot;localhost&quot; port 25, verify your &quot;SMTP&quot; and &quot;smtp_port&quot; setting in php.ini or use ini_set() in D:\Server\www\cron_alert_agent.php on line 132
[23-Sep-2026 23:04:54 UTC] PHP Stack trace:
[23-Sep-2026 23:04:54 UTC] PHP   1. {main}() D:\Server\www\cron_alert_agent.php:0
[23-Sep-2026 23:04:54 UTC] PHP   2. sendEmailAlert($name = 'casa.mcjim-server.com', $url = 'https://casa.mcjim-server.com', $from = 'Offline', $to = 'Online', $ping = 64, $code = 200) D:\Server\www\cron_alert_agent.php:63
[23-Sep-2026 23:04:54 UTC] PHP   3. mail($to = 'info@mcjim-server.com', $subject = '✅ RESOLVED: Server casa.mcjim-server.com is ONLINE', $message = '\r\n        <html>\r\n        <head>\r\n            <title>✅ RESOLVED: Server casa.mcjim-server.com is ONLINE</title>\r\n        </head>\r\n        <body style=\'font-family: Arial, sans-serif; background-color: #f4f6f9; padding: 20px; color: #333;\'>\r\n            <div style=\'max-width: 600px; margin: 0 auto; background-color: #ffffff; border-radius: 8px; overflow: hidden; box-shadow: 0 4px 10px rgba(0,0,0,0.05);\'>\r\n                <div style=\'background-color: #28a745; padding: 20px; text-align: c', $additional_headers = 'MIME-Version: 1.0\r\nContent-type:text/html;charset=UTF-8\r\nFrom: McJim Monitor <monitor@mcjim-server.com>\r\nReply-To: monitor@mcjim-server.com\r\nX-Mailer: PHP/8.0.13\r\n') D:\Server\www\cron_alert_agent.php:132
[23-Sep-2026 23:04:54 UTC] CRITICAL ERROR: Failed to execute mail alert pipe dispatch routing.
[25-Sep-2026 19:14:59 UTC] PHP Parse error:  syntax error, unexpected token "else" in D:\Server\www\footer.php on line 55
[25-Sep-2026 19:15:00 UTC] PHP Parse error:  syntax error, unexpected token "else" in D:\Server\www\footer.php on line 55
[25-Sep-2026 19:15:00 UTC] PHP Parse error:  syntax error, unexpected token "else" in D:\Server\www\footer.php on line 55
[25-Sep-2026 19:16:07 UTC] PHP Parse error:  syntax error, unexpected token "else" in D:\Server\www\footer.php on line 56
[25-Sep-2026 19:16:07 UTC] PHP Parse error:  syntax error, unexpected token "else" in D:\Server\www\footer.php on line 56
[25-Sep-2026 19:18:28 UTC] PHP Parse error:  syntax error, unexpected token "else" in D:\Server\www\footer.php on line 56
[25-Sep-2026 19:18:28 UTC] PHP Parse error:  syntax error, unexpected token "else" in D:\Server\www\footer.php on line 56
[25-Sep-2026 19:18:36 UTC] PHP Parse error:  syntax error, unexpected token "else" in D:\Server\www\footer.php on line 56
[25-Sep-2026 19:18:36 UTC] PHP Parse error:  syntax error, unexpected token "else" in D:\Server\www\footer.php on line 56
